============================= test session starts =============================
platform win32 -- Python 3.14.2, pytest-9.0.2, pluggy-1.6.0
rootdir: C:\Users\Nithin\OneDrive\Desktop\Projects\AI_Finan\backend
plugins: anyio-4.12.1, asyncio-1.3.0
asyncio: mode=Mode.STRICT, debug=False, asyncio_default_fixture_loop_scope=None, asyncio_default_test_loop_scope=function
collected 0 items / 2 errors

=================================== ERRORS ====================================
________ ERROR collecting tests/unit/test_anomaly_detection_worker.py _________
ImportError while importing test module 'C:\Users\Nithin\OneDrive\Desktop\Projects\AI_Finan\backend\tests\unit\test_anomaly_detection_worker.py'.
Hint: make sure your test modules/packages have valid Python names.
Traceback:
..\..\..\..\..\AppData\Local\Programs\Python\Python314\Lib\importlib\__init__.py:88: in import_module
    return _bootstrap._gcd_import(name[level:], package, level)
           ^^^^^^^^^^^^^^^^^^^^^^^^^^^^^^^^^^^^^^^^^^^^^^^^^^^^
tests\unit\test_anomaly_detection_worker.py:8: in <module>
    from app.core.constants import ANOMALY_ZSCORE_THRESHOLD
E   ModuleNotFoundError: No module named 'app'
___________ ERROR collecting tests/unit/test_ml_service_anomaly.py ____________
ImportError while importing test module 'C:\Users\Nithin\OneDrive\Desktop\Projects\AI_Finan\backend\tests\unit\test_ml_service_anomaly.py'.
Hint: make sure your test modules/packages have valid Python names.
Traceback:
..\..\..\..\..\AppData\Local\Programs\Python\Python314\Lib\importlib\__init__.py:88: in import_module
    return _bootstrap._gcd_import(name[level:], package, level)
           ^^^^^^^^^^^^^^^^^^^^^^^^^^^^^^^^^^^^^^^^^^^^^^^^^^^^
tests\unit\test_ml_service_anomaly.py:8: in <module>
    from app.services.ml_service import MLService
E   ModuleNotFoundError: No module named 'app'
=========================== short test summary info ===========================
ERROR tests/unit/test_anomaly_detection_worker.py
ERROR tests/unit/test_ml_service_anomaly.py
!!!!!!!!!!!!!!!!!!! Interrupted: 2 errors during collection !!!!!!!!!!!!!!!!!!!
============================== 2 errors in 0.16s ==============================
